
> client@0.0.0 build
> tsc -b && vite build

[36mvite v7.2.4 [32mbuilding client environment for production...[36m[39m
transforming...
[32mΓ£ô[39m 4038 modules transformed.
node.exe : [33m[plugin vite:resolve] Module "path" has been externalized for browser compatibility, imported by 
"E:/SarayaERP/client/node_modules/@cornerstonejs/codec-libjpeg-turbo-8bit/dist/libjpegturbowasm_decode.js". See 
https://vite.dev/guide/troubleshooting.html#module-externalized-for-browser-compatibility for more details.[39m
At C:\Program Files\nodejs\npm.ps1:29 char:3
+   & $NODE_EXE $NPM_CLI_JS $args
+   ~~~~~~~~~~~~~~~~~~~~~~~~~~~~~
    + CategoryInfo          : NotSpecified: ([33m[plugin vi...e details.[39m:String) [], RemoteException
    + FullyQualifiedErrorId : NativeCommandError
 
[33m[plugin vite:resolve] Module "path" has been externalized for browser compatibility, imported by 
"E:/SarayaERP/client/node_modules/@cornerstonejs/codec-charls/dist/charlswasm_decode.js". See 
https://vite.dev/guide/troubleshooting.html#module-externalized-for-browser-compatibility for more details.[39m
[33m[plugin vite:resolve] Module "path" has been externalized for browser compatibility, imported by 
"E:/SarayaERP/client/node_modules/@cornerstonejs/codec-openjpeg/dist/openjpegwasm_decode.js". See 
https://vite.dev/guide/troubleshooting.html#module-externalized-for-browser-compatibility for more details.[39m
[33m[plugin vite:resolve] Module "path" has been externalized for browser compatibility, imported by 
"E:/SarayaERP/client/node_modules/@cornerstonejs/codec-openjph/dist/openjphjs.js". See 
https://vite.dev/guide/troubleshooting.html#module-externalized-for-browser-compatibility for more details.[39m
[33m[plugin vite:resolve] Module "path" has been externalized for browser compatibility, imported by 
"E:/SarayaERP/client/node_modules/@cornerstonejs/codec-charls/dist/charlswasm_decode.js". See 
https://vite.dev/guide/troubleshooting.html#module-externalized-for-browser-compatibility for more details.[39m
[33m[plugin vite:resolve] Module "path" has been externalized for browser compatibility, imported by 
"E:/SarayaERP/client/node_modules/@cornerstonejs/codec-libjpeg-turbo-8bit/dist/libjpegturbowasm_decode.js". See 
https://vite.dev/guide/troubleshooting.html#module-externalized-for-browser-compatibility for more details.[39m
[33m[plugin vite:resolve] Module "path" has been externalized for browser compatibility, imported by 
"E:/SarayaERP/client/node_modules/@cornerstonejs/codec-openjpeg/dist/openjpegwasm_decode.js". See 
https://vite.dev/guide/troubleshooting.html#module-externalized-for-browser-compatibility for more details.[39m
[33m[plugin vite:resolve] Module "path" has been externalized for browser compatibility, imported by 
"E:/SarayaERP/client/node_modules/@cornerstonejs/codec-openjph/dist/openjphjs.js". See 
https://vite.dev/guide/troubleshooting.html#module-externalized-for-browser-compatibility for more details.[39m
[33m[plugin vite:resolve] Module "url" has been externalized for browser compatibility, imported by 
"E:/SarayaERP/client/node_modules/@jsonjoy.com/fs-node/lib/util.js". See 
https://vite.dev/guide/troubleshooting.html#module-externalized-for-browser-compatibility for more details.[39m
[33m[plugin vite:resolve] Module "node:path" has been externalized for browser compatibility, imported by 
"E:/SarayaERP/client/node_modules/@jsonjoy.com/fs-node-builtins/lib/path.js". See 
https://vite.dev/guide/troubleshooting.html#module-externalized-for-browser-compatibility for more details.[39m
[33m[plugin vite:resolve] Module "url" has been externalized for browser compatibility, imported by 
"E:/SarayaERP/client/node_modules/@jsonjoy.com/fs-core/lib/util.js". See 
https://vite.dev/guide/troubleshooting.html#module-externalized-for-browser-compatibility for more details.[39m
[33m[plugin vite:resolve] Module "node:stream" has been externalized for browser compatibility, imported by 
"E:/SarayaERP/client/node_modules/@jsonjoy.com/fs-node-builtins/lib/stream.js". See 
https://vite.dev/guide/troubleshooting.html#module-externalized-for-browser-compatibility for more details.[39m
[33m[plugin vite:resolve] Module "node:events" has been externalized for browser compatibility, imported by 
"E:/SarayaERP/client/node_modules/@jsonjoy.com/fs-node-builtins/lib/events.js". See 
https://vite.dev/guide/troubleshooting.html#module-externalized-for-browser-compatibility for more details.[39m
[33m[plugin vite:resolve] Module "url" has been externalized for browser compatibility, imported by 
"E:/SarayaERP/client/node_modules/@jsonjoy.com/fs-node/lib/util.js". See 
https://vite.dev/guide/troubleshooting.html#module-externalized-for-browser-compatibility for more details.[39m
[33m[plugin vite:resolve] Module "node:buffer" has been externalized for browser compatibility, imported by 
"E:/SarayaERP/client/node_modules/@jsonjoy.com/fs-node-builtins/lib/buffer.js". See 
https://vite.dev/guide/troubleshooting.html#module-externalized-for-browser-compatibility for more details.[39m
[33m[plugin vite:resolve] Module "node:path" has been externalized for browser compatibility, imported by 
"E:/SarayaERP/client/node_modules/@jsonjoy.com/fs-node-builtins/lib/path.js". See 
https://vite.dev/guide/troubleshooting.html#module-externalized-for-browser-compatibility for more details.[39m
[33m[plugin vite:resolve] Module "url" has been externalized for browser compatibility, imported by 
"E:/SarayaERP/client/node_modules/@jsonjoy.com/fs-core/lib/util.js". See 
https://vite.dev/guide/troubleshooting.html#module-externalized-for-browser-compatibility for more details.[39m
[33m[plugin vite:resolve] Module "node:stream" has been externalized for browser compatibility, imported by 
"E:/SarayaERP/client/node_modules/@jsonjoy.com/fs-node-builtins/lib/stream.js". See 
https://vite.dev/guide/troubleshooting.html#module-externalized-for-browser-compatibility for more details.[39m
[33m[plugin vite:resolve] Module "node:events" has been externalized for browser compatibility, imported by 
"E:/SarayaERP/client/node_modules/@jsonjoy.com/fs-node-builtins/lib/events.js". See 
https://vite.dev/guide/troubleshooting.html#module-externalized-for-browser-compatibility for more details.[39m
[33m[plugin vite:resolve] Module "node:buffer" has been externalized for browser compatibility, imported by 
"E:/SarayaERP/client/node_modules/@jsonjoy.com/fs-node-builtins/lib/buffer.js". See 
https://vite.dev/guide/troubleshooting.html#module-externalized-for-browser-compatibility for more details.[39m
[31mΓ£ù[39m Build failed in 32.61s
[31merror during build:
[31m[commonjs--resolver] Invalid value "iife" for option "worker.format" - UMD and IIFE output formats are not 
supported for code-splitting builds.[31m
file: [36mE:/SarayaERP/client/node_modules/@cornerstonejs/dicom-image-loader/dist/esm/init.js[31m
    at getRollupError (file:///E:/SarayaERP/client/node_modules/rollup/dist/es/shared/parseAst.js:401:41)
    at error (file:///E:/SarayaERP/client/node_modules/rollup/dist/es/shared/parseAst.js:397:42)
    at validateOptionsForMultiChunkOutput 
(file:///E:/SarayaERP/client/node_modules/rollup/dist/es/shared/node-entry.js:20673:16)
    at Bundle.generate (file:///E:/SarayaERP/client/node_modules/rollup/dist/es/shared/node-entry.js:20564:17)
    at async file:///E:/SarayaERP/client/node_modules/rollup/dist/es/shared/node-entry.js:23438:27
    at async catchUnfinishedHookActions 
(file:///E:/SarayaERP/client/node_modules/rollup/dist/es/shared/node-entry.js:22805:16)
    at async bundleWorkerEntry (file:///E:/SarayaERP/client/node_modules/vite/dist/node/chunks/config.js:27329:12)
    at async workerFileToUrl (file:///E:/SarayaERP/client/node_modules/vite/dist/node/chunks/config.js:27362:17)
    at async Object.handler (file:///E:/SarayaERP/client/node_modules/vite/dist/node/chunks/config.js:28286:23)
    at async transform (file:///E:/SarayaERP/client/node_modules/rollup/dist/es/shared/node-entry.js:21163:16)[39m
