
> server@0.0.1 test:e2e
> cross-env NODE_ENV=test jest --config ./test/jest-e2e.json test/full-cycle.e2e-spec.ts

node.exe : ΓùÅ 
Validation Warning:
At C:\Program Files\nod
ejs\npm.ps1:29 char:3
+   & $NODE_EXE 
$NPM_CLI_JS $args
+   ~~~~~~~~~~~~~~~~~~~
~~~~~~~~~~
    + CategoryInfo     
         : NotSpecifi  
  ed: (ΓùÅ Validatio   
 n Warning::String)    
 [], RemoteExcepti    
on
    + FullyQualifiedEr 
   rorId : NativeComm  
  andError
 

  Unknown option 
"timeout" with value 
30000 was found.
  This is probably a 
typing mistake. Fixing 
it will remove this 
message.

  Configuration 
Documentation:
  https://jestjs.io/doc
s/configuration

ΓùÅ Validation Warning:

  Unknown option 
"timeout" with value 
30000 was found.
  This is probably a 
typing mistake. Fixing 
it will remove this 
message.

  Configuration 
Documentation:
  https://jestjs.io/doc
s/configuration

FAIL test/full-cycle.e2
e-spec.ts (8.265 s)
  Full Cycle E2E 
Simulation
    ├ù 1. Receptionist 
registers a patient 
(74 ms)
    ├ù 2. Receptionist 
creates an Encounter 
(OPD) (12 ms)
    ├ù 3. Doctor adds 
a diagnosis (130 ms)
    ├ù 4. Doctor 
orders a Lab Test 
(CBC) (12 ms)
    ├ù 5. Lab Tech 
views worklist 
(optional) and 
completes order (12 ms)
    ├ù 6. Accountant 
checks billing (6 ms)

  ΓùÅ Full Cycle E2E 
Simulation ΓÇ║ 1. 
Receptionist registers 
a patient

    expected 201 
"Created", got 403 
"Forbidden"

    [0m [90m 145 
|[39m         
nationalId[33m:[39m 
[32m'123456789012'[39m
[33m,[39m
     [90m 146 |[39m  
     })
    [31m[1m>[22m[39
m[90m 147 |[39m      
 [33m.[39mexpect([35
m201[39m)[33m;[39m
     [90m     |[39m  
      
[31m[1m^[22m[39m
     [90m 148 |[39m
     [90m 149 |[39m  
   patientId 
[33m=[39m res[33m.[
39mbody[33m.[39mid[3
3m;[39m
     [90m 150 |[39m  
   expect(patientId)[3
3m.[39mtoBeDefined()[
33m;[39m[0m

      at 
Object.<anonymous> (ful
l-cycle.e2e-spec.ts:147
:8)
      ----
      at 
Test._assertStatus (../
node_modules/supertest/
lib/test.js:309:14)
      at ../node_module
s/supertest/lib/test.js
:365:13
      at 
Test._assertFunction (.
./node_modules/supertes
t/lib/test.js:342:13)
      at Test.assert (.
./node_modules/supertes
t/lib/test.js:195:23)
      at localAssert (.
./node_modules/supertes
t/lib/test.js:138:14)
      at 
Server.<anonymous> (../
node_modules/supertest/
lib/test.js:152:11)

  ΓùÅ Full Cycle E2E 
Simulation ΓÇ║ 2. 
Receptionist creates 
an Encounter (OPD)

    expected 201 
"Created", got 403 
"Forbidden"

    [0m [90m 162 
|[39m         
reason[33m:[39m 
[32m'Feeling 
sick'[39m[33m,[39m
     [90m 163 |[39m  
     })
    [31m[1m>[22m[39
m[90m 164 |[39m      
 [33m.[39mexpect([35
m201[39m)[33m;[39m
     [90m     |[39m  
      
[31m[1m^[22m[39m
     [90m 165 |[39m
     [90m 166 |[39m  
   encounterId 
[33m=[39m res[33m.[
39mbody[33m.[39mid[3
3m;[39m
     [90m 167 |[39m  
   expect(encounterId)
[33m.[39mtoBeDefined()
[33m;[39m[0m

      at 
Object.<anonymous> (ful
l-cycle.e2e-spec.ts:164
:8)
      ----
      at 
Test._assertStatus (../
node_modules/supertest/
lib/test.js:309:14)
      at ../node_module
s/supertest/lib/test.js
:365:13
      at 
Test._assertFunction (.
./node_modules/supertes
t/lib/test.js:342:13)
      at Test.assert (.
./node_modules/supertes
t/lib/test.js:195:23)
      at localAssert (.
./node_modules/supertes
t/lib/test.js:138:14)
      at 
Server.<anonymous> (../
node_modules/supertest/
lib/test.js:152:11)

  ΓùÅ Full Cycle E2E 
Simulation ΓÇ║ 3. 
Doctor adds a diagnosis

    expected 201 
"Created", got 400 
"Bad Request"

    [0m [90m 183 
|[39m         
note[33m:[39m 
[32m'Severe 
cold'[39m[33m,[39m
     [90m 184 |[39m  
     })
    [31m[1m>[22m[39
m[90m 185 |[39m      
 [33m.[39mexpect([35
m201[39m)[33m;[39m
     [90m     |[39m  
      
[31m[1m^[22m[39m
     [90m 186 |[39m  
 })[33m;[39m
     [90m 187 |[39m
     [90m 188 |[39m  
 [90m// --- Step 4: 
Doctor Orders Lab Test 
---[39m[0m

      at 
Object.<anonymous> (ful
l-cycle.e2e-spec.ts:185
:8)
      ----
      at 
Test._assertStatus (../
node_modules/supertest/
lib/test.js:309:14)
      at ../node_module
s/supertest/lib/test.js
:365:13
      at 
Test._assertFunction (.
./node_modules/supertes
t/lib/test.js:342:13)
      at Test.assert (.
./node_modules/supertes
t/lib/test.js:195:23)
      at localAssert (.
./node_modules/supertes
t/lib/test.js:138:14)
      at 
Server.<anonymous> (../
node_modules/supertest/
lib/test.js:152:11)

  ΓùÅ Full Cycle E2E 
Simulation ΓÇ║ 4. 
Doctor orders a Lab 
Test (CBC)

    expected 201 
"Created", got 403 
"Forbidden"

    [0m [90m 195 
|[39m         
notes[33m:[39m [32m'
Stat'[39m[33m,[39m
     [90m 196 |[39m  
     })
    [31m[1m>[22m[39
m[90m 197 |[39m      
 [33m.[39mexpect([35
m201[39m)[33m;[39m
     [90m     |[39m  
      
[31m[1m^[22m[39m
     [90m 198 |[39m
     [90m 199 |[39m  
   [90m// Should 
create 1 order[39m
     [90m 200 |[39m  
   expect(res[33m.[39
mbody)[33m.[39mtoHave
Length([35m1[39m)[33
m;[39m[0m

      at 
Object.<anonymous> (ful
l-cycle.e2e-spec.ts:197
:8)
      ----
      at 
Test._assertStatus (../
node_modules/supertest/
lib/test.js:309:14)
      at ../node_module
s/supertest/lib/test.js
:365:13
      at 
Test._assertFunction (.
./node_modules/supertes
t/lib/test.js:342:13)
      at Test.assert (.
./node_modules/supertes
t/lib/test.js:195:23)
      at localAssert (.
./node_modules/supertes
t/lib/test.js:138:14)
      at 
Server.<anonymous> (../
node_modules/supertest/
lib/test.js:152:11)

  ΓùÅ Full Cycle E2E 
Simulation ΓÇ║ 5. Lab 
Tech views worklist 
(optional) and 
completes order

    expected 200 "OK", 
got 400 "Bad Request"

    [0m [90m 208 
|[39m       [33m.[39
m[36mget[39m([32m`/l
ab/encounters/${encount
erId}/orders`[39m)
     [90m 209 |[39m  
     [33m.[39m[36mse
t[39m([32m'Authorizat
ion'[39m[33m,[39m 
[32m`Bearer 
${labTechToken}`[39m)
    [31m[1m>[22m[39
m[90m 210 |[39m      
 [33m.[39mexpect([35
m200[39m)[33m;[39m
     [90m     |[39m  
      
[31m[1m^[22m[39m
     [90m 211 |[39m
     [90m 212 |[39m  
   [36mconst[39m 
orderId [33m=[39m lis
tRes[33m.[39mbody[[3
5m0[39m][33m.[39mid
[33m;[39m [90m// 
This is 
labOrder.id[39m
     [90m 213 
|[39m[0m

      at 
Object.<anonymous> (ful
l-cycle.e2e-spec.ts:210
:8)
      ----
      at 
Test._assertStatus (../
node_modules/supertest/
lib/test.js:309:14)
      at ../node_module
s/supertest/lib/test.js
:365:13
      at 
Test._assertFunction (.
./node_modules/supertes
t/lib/test.js:342:13)
      at Test.assert (.
./node_modules/supertes
t/lib/test.js:195:23)
      at localAssert (.
./node_modules/supertes
t/lib/test.js:138:14)
      at 
Server.<anonymous> (../
node_modules/supertest/
lib/test.js:152:11)

  ΓùÅ Full Cycle E2E 
Simulation ΓÇ║ 6. 
Accountant checks 
billing

    expect(received).to
BeGreaterThan(expected)

    Expected: > 0
    Received:   0

    [0m [90m 238 
|[39m       [90m// 
Let's query charges 
directly via Prisma to 
verify they exist[39m
     [90m 239 |[39m  
     [36mconst[39m 
charges [33m=[39m 
[36mawait[39m prisma
[33m.[39mencounterChar
ge[33m.[39mfindMany({
 where[33m:[39m { 
encounterId } 
})[33m;[39m
    [31m[1m>[22m[39
m[90m 240 |[39m      
 expect(charges[33m.[
39mlength)[33m.[39mto
BeGreaterThan([35m0[3
9m)[33m;[39m
     [90m     |[39m  
                       
     
[31m[1m^[22m[39m
     [90m 241 |[39m  
     expect([33mNumber
[39m(charges[[35m0[3
9m][33m.[39mtotalAmou
nt))[33m.[39mtoBe([3
5m50.0[39m)[33m;[39m
     [90m 242 |[39m  
 })[33m;[39m
     [90m 243 
|[39m[0m

      at 
Object.<anonymous> (ful
l-cycle.e2e-spec.ts:240
:30)

Test Suites: 1 failed, 
1 total
Tests:       6 failed, 
6 total
Snapshots:   0 total
Time:        8.96 s, 
estimated 9 s
Ran all test suites 
matching test/full-cycl
e.e2e-spec.ts.
